// Jest Snapshot v1, https://goo.gl/fbAQLP

exports[`Footer component renders correctly 1`] = `
<div
  className="footer"
>
  <div
    className="top-footer"
  >
    <div
      className="socials"
    >
      <h4>
        Always stay in the loop!
      </h4>
      <div
        className="separator"
      />
      <div
        className="social-icons"
      >
        <a
          className="twitter"
          href="https://twitter.com/bitrise"
          tabIndex="-1"
          target="_blank"
        >
          <span>
            <span
              className="isvg loading"
            />
          </span>
        </a>
        <a
          className="facebook"
          href="https://facebook.com/bitrise.io"
          tabIndex="-1"
          target="_blank"
        >
          <span>
            <span
              className="isvg loading"
            />
          </span>
        </a>
        <a
          className="slack"
          href="https://chat.bitrise.io/"
          tabIndex="-1"
          target="_blank"
        >
          <span>
            <span
              className="isvg loading"
            />
          </span>
        </a>
        <a
          className="github"
          href="https://github.com/bitrise-io"
          tabIndex="-1"
          target="_blank"
        >
          <span>
            <span
              className="isvg loading"
            />
          </span>
        </a>
      </div>
      <a
        className="v3-button big status-page none"
        href="https://status.bitrise.io/"
        target="_blank"
      >
        All Systems Operational
      </a>
    </div>
    <div
      className="product"
    >
      <h4>
        Product
      </h4>
      <div
        className="separator"
      />
      <a
        href="https://www.bitrise.io/pricing"
        tabIndex="-1"
      >
        Pricing
      </a>
      <a
        href="https://www.bitrise.io/cli?utm_source=bitriseblog&utm_medium=web&utm_campaign=static"
        tabIndex="-1"
      >
        CLI
      </a>
      <a
        href="https://www.bitrise.io/integrations?utm_source=bitriseblog&utm_medium=web&utm_campaign=static"
        tabIndex="-1"
      >
        Integrations
      </a>
    </div>
    <div
      className="company"
    >
      <h4>
        Company
      </h4>
      <div
        className="separator"
      />
      <a
        href="https://www.bitrise.io/about?utm_source=bitriseblog&utm_medium=web&utm_campaign=static"
        tabIndex="-1"
      >
        About
      </a>
      <a
        href="https://www.bitrise.io/job?utm_source=bitriseblog&utm_medium=web&utm_campaign=static"
        tabIndex="-1"
      >
        Careers
      </a>
      <a
        href="https://www.bitrise.io/terms?utm_source=bitriseblog&utm_medium=web&utm_campaign=static"
        tabIndex="-1"
      >
        Terms
      </a>
      <a
        href="https://www.bitrise.io/privacy?utm_source=bitriseblog&utm_medium=web&utm_campaign=static"
        tabIndex="-1"
      >
        Privacy policy
      </a>
      <a
        href="https://www.bitrise.io/cookie_policy?utm_source=bitriseblog&utm_medium=web&utm_campaign=static"
        tabIndex="-1"
      >
        Cookie policy
      </a>
    </div>
    <div
      className="support"
    >
      <h4>
        Support
      </h4>
      <div
        className="separator"
      />
      <a
        href="https://devcenter.bitrise.io"
        tabIndex="-1"
        target="_blank"
      >
        Docs & DevCenter
      </a>
      <a
        href="https://discuss.bitrise.io"
        tabIndex="-1"
        target="_blank"
      >
        Discuss
      </a>
      <a
        href="https://blog.bitrise.io/"
        tabIndex="-1"
        target="_blank"
      >
        News Blog
      </a>
      <a
        href="https://www.bitrise.io/contact?utm_source=bitriseblog&utm_medium=web&utm_campaign=static"
        tabIndex="-1"
      >
        Contact
      </a>
    </div>
  </div>
  <div
    className="bottom-footer"
  >
    <h4>
      Compiled with
       
      <span
        className="heart-container"
      >
        <span
          className="isvg loading"
        />
      </span>
      in London & Budapest
    </h4>
    <a
      className="copyright"
      href="https://www.bitrise.io?utm_source=bitriseblog&utm_medium=web&utm_campaign=static"
      tabIndex="-1"
      target="_blank"
    >
      Copyright Â© 2014-2017 Bitrise ltd.
    </a>
  </div>
</div>
`;
