// Jest Snapshot v1, https://goo.gl/fbAQLP

exports[`TryBitrise component renders correctly 1`] = `
<div
  className="try-wrapper"
>
  <div
    className="container"
  >
    <h2>
      Try Bitrise
    </h2>
    <h1>
      Automate your building, testing and deployment
    </h1>
    <a
      className="start-building-button"
      href="https://www.bitrise.io/users/sign_up?utm_source=bitriseblog&utm_medium=web&utm_campaign=static"
    >
      Start building for free
    </a>
  </div>
</div>
`;
